2026-05-07 18:08:39,072 [INFO] 🕒 定時監測排程已升級為【每日固定時段檢測模式】！
2026-05-07 18:08:39,072 [INFO] 🎯 預定觸發時間: 09:00, 12:00, 17:00
2026-05-07 18:08:39,072 [INFO] 🕒 [啟動首測] 系統剛啟動，執行一次基準測試與 Email 寄送...
2026-05-07 18:08:39,072 [INFO] ====================================================
2026-05-07 18:08:39,072 [INFO] 🕒 [Scheduler] 開始執行例行自動化 E2E 監測...
2026-05-07 18:08:39,074 [INFO] 🖥️  ibon 影片監測控制台伺服器已啟動！
2026-05-07 18:08:39,074 [INFO] 👉 請在瀏覽器中開啟: http://localhost:8000
2026-05-07 18:08:39,074 [INFO] ====================================================
2026-05-07 18:10:42,405 [INFO] ✅ [Scheduler] 定時 E2E 監測完成！已自動儲存最新數據與截圖。
2026-05-07 18:10:42,406 [INFO] 📧 [Scheduler] 正在產生 Dashboard 截圖並寄送 Email 報告...
2026-05-07 18:10:51,957 [INFO] ✅ [Scheduler] Email 報告寄送完成！
2026-05-08 09:27:53,650 [INFO] 🚀 [API Server] 收到網頁即時檢測請求！啟動 Playwright E2E 測試...
2026-05-08 09:30:49,887 [INFO] 🕒 定時監測排程已升級為【每日固定時段檢測模式】！
2026-05-08 09:30:49,888 [INFO] ====================================================
2026-05-08 09:30:49,888 [INFO] 🎯 預定觸發時間: 09:00, 12:00, 17:00
2026-05-08 09:30:49,888 [INFO] ⏰ [開機偵測] 偵測到今日已過期但【尚未執行】的排程時段: ['09:00']
2026-05-08 09:30:49,888 [INFO] 🖥️  ibon 影片監測控制台伺服器已啟動！
2026-05-08 09:30:49,888 [INFO] 👉 請在瀏覽器中開啟: http://localhost:8000
2026-05-08 09:30:49,888 [INFO] ====================================================
2026-05-08 09:30:49,888 [INFO] ⚡ [開機偵測] 正在立即補跑測試並送出報告...
2026-05-08 09:30:49,888 [INFO] 🕒 [Scheduler] 開始執行例行自動化 E2E 監測...
2026-05-08 09:35:23,866 [INFO] ✅ [Scheduler] 定時 E2E 監測完成！已自動儲存最新數據與截圖。
2026-05-08 09:35:23,866 [INFO] 📧 [Scheduler] 正在產生 Dashboard 截圖並寄送 Email 報告...
2026-05-08 09:36:00,276 [INFO] ✅ [Scheduler] Email 報告寄送完成！
2026-05-08 09:36:00,276 [INFO] 💾 [Scheduler] 已更新排程執行狀態: {'date': '2026-05-08', 'executed_slots': ['09:00']}
----------------------------------------
Exception occurred during processing of request from ('127.0.0.1', 54463)
Traceback (most recent call last):
  File "/opt/homebrew/Cellar/python@3.14/3.14.3_1/Frameworks/Python.framework/Versions/3.14/lib/python3.14/socketserver.py", line 318, in _handle_request_noblock
    self.process_request(request, client_address)
    ~~~~~~~~~~~~~~~~~~~~^^^^^^^^^^^^^^^^^^^^^^^^^
  File "/opt/homebrew/Cellar/python@3.14/3.14.3_1/Frameworks/Python.framework/Versions/3.14/lib/python3.14/socketserver.py", line 349, in process_request
    self.finish_request(request, client_address)
    ~~~~~~~~~~~~~~~~~~~^^^^^^^^^^^^^^^^^^^^^^^^^
  File "/opt/homebrew/Cellar/python@3.14/3.14.3_1/Frameworks/Python.framework/Versions/3.14/lib/python3.14/socketserver.py", line 362, in finish_request
    self.RequestHandlerClass(request, client_address, self)
    ~~~~~~~~~~~~~~~~~~~~~~~~^^^^^^^^^^^^^^^^^^^^^^^^^^^^^^^
  File "/opt/homebrew/Cellar/python@3.14/3.14.3_1/Frameworks/Python.framework/Versions/3.14/lib/python3.14/http/server.py", line 732, in __init__
    super().__init__(*args, **kwargs)
    ~~~~~~~~~~~~~~~~^^^^^^^^^^^^^^^^^
  File "/opt/homebrew/Cellar/python@3.14/3.14.3_1/Frameworks/Python.framework/Versions/3.14/lib/python3.14/socketserver.py", line 766, in __init__
    self.handle()
    ~~~~~~~~~~~^^
  File "/opt/homebrew/Cellar/python@3.14/3.14.3_1/Frameworks/Python.framework/Versions/3.14/lib/python3.14/http/server.py", line 496, in handle
    self.handle_one_request()
    ~~~~~~~~~~~~~~~~~~~~~~~^^
  File "/opt/homebrew/Cellar/python@3.14/3.14.3_1/Frameworks/Python.framework/Versions/3.14/lib/python3.14/http/server.py", line 484, in handle_one_request
    method()
    ~~~~~~^^
  File "/opt/homebrew/Cellar/python@3.14/3.14.3_1/Frameworks/Python.framework/Versions/3.14/lib/python3.14/http/server.py", line 739, in do_GET
    self.copyfile(f, self.wfile)
    ~~~~~~~~~~~~~^^^^^^^^^^^^^^^
  File "/opt/homebrew/Cellar/python@3.14/3.14.3_1/Frameworks/Python.framework/Versions/3.14/lib/python3.14/http/server.py", line 942, in copyfile
    shutil.copyfileobj(source, outputfile)
    ~~~~~~~~~~~~~~~~~~^^^^^^^^^^^^^^^^^^^^
  File "/opt/homebrew/Cellar/python@3.14/3.14.3_1/Frameworks/Python.framework/Versions/3.14/lib/python3.14/shutil.py", line 257, in copyfileobj
    fdst_write(buf)
    ~~~~~~~~~~^^^^^
  File "/opt/homebrew/Cellar/python@3.14/3.14.3_1/Frameworks/Python.framework/Versions/3.14/lib/python3.14/socketserver.py", line 845, in write
    self._sock.sendall(b)
    ~~~~~~~~~~~~~~~~~~^^^
BrokenPipeError: [Errno 32] Broken pipe
----------------------------------------
2026-05-08 09:41:36,687 [INFO] 🚀 [API Server] 收到網頁即時檢測請求！啟動 Playwright E2E 測試...
2026-05-08 09:42:33,823 [INFO] --- E2E 執行輸出 ---
2026-05-08 09:42:33,823 [INFO] 🚀 正在啟動 Playwright 瀏覽器...
🕶️  [E2E] 偵測到 --headless 參數，將以背景無介面模式執行檢測...
🔗 [Step 1] 正在開啟頁面: https://print.ibon.com.tw/promoVideo
✅ [Step 1] 頁面載入成功！
✅ [Step 2] 立即體驗按鈕點擊成功！
✅ [Step 3] 同意框勾選完成！
⏳ [Step 4] 正在定位「同意並前往」按鈕...
🎯 [Step 4] 點擊「同意並前往」，等候 OVideo 新分頁開啟...
✅ [Step 4] 成功跳轉新視窗！新網址: https://ibon.ovideo.ai/?token=ZDYwZTA2NzUtYzFhZC00N2EwLWFkYzYtNzBjMTMyMmNjNTI5LjE3Nzg4MDkzMDE5ODEuT2FUMjRrWlpncjl6MkFQX1lSenB1WUdnbU9udXhjMGk1dm5rSEM5NUlpNA
⏳ [Step 5] 正在 OVideo 頁面尋找「開始製作影片」按鈕...
🎯 [Step 5] 找到「開始製作影片」按鈕，執行點擊...
✅ [Step 5] 「開始製作影片」按鈕點擊成功！
📂 [Step 6] 動態資料夾偵測成功！共找到 4 個簡報測試檔。
👉 依據檢測序數，本次交替測試選用：【BNEXT 2024martech_06 顧客體驗_陳冠學 _ 國泰金控暨國泰世華銀行副總經理-1-2.pdf】
⏳ [Step 6] 正在上傳：BNEXT 2024martech_06 顧客體驗_陳冠學 _ 國泰金控暨國泰世華銀行副總經理-1-2.pdf...
✅ [Step 6] 檔案上傳動作已送出，正在等候上傳進度...
⏳ [Step 6.5] 正在尋找 Email 輸入框並填入: doris@osensetech.com...
⏳ [Step 6.5] 正在點擊「下一步」按鈕...
✅ [Step 6] 檔案上傳與表單提交完成！
⏳ [Step 7] 正在等候 AI 腳本生成與專案建立中...
🎯 [Step 7] 檢測到編輯器與文字框已載入！正在等候 AI 實質腳本內容出現...
⏳ [Step 7] 腳本已確認生成，額外等候 10 秒讓畫面中的 AI 圖片完整載入...
ℹ️ [Step 7 驗證] 最終讀取到字幕內容為: "大家好，歡迎來到今天的分享！我是國泰金控暨國泰世華銀行的陳冠學 Quincy。在現今瞬息萬變的數位時..."
✅ [Step 7 驗證成功] 🟢 偵測到正常的 AI 腳本內容："大家好，歡迎來到今天的分享！我是國泰金控暨國泰世華銀行的陳冠..."

🎉 恭喜！全自動化 E2E 監測流程【全部順利通過驗證】！
📊 [數據導出] 已成功將實時數據寫入: config/data.js

2026-05-08 09:42:33,823 [INFO] --------------------
2026-05-08 12:00:08,140 [INFO] ⏰ 到達指定排程時間 12:00！開始執行自動化檢測...
2026-05-08 12:00:08,148 [INFO] 🕒 [Scheduler] 開始執行例行自動化 E2E 監測...
2026-05-08 12:03:25,328 [INFO] ✅ [Scheduler] 定時 E2E 監測完成！已自動儲存最新數據與截圖。
2026-05-08 12:03:25,329 [INFO] 📧 [Scheduler] 正在產生 Dashboard 截圖並寄送 Email 報告...
2026-05-08 12:03:35,675 [INFO] ✅ [Scheduler] Email 報告寄送完成！
2026-05-08 12:03:35,675 [INFO] 💾 [Scheduler] 已更新排程執行狀態: {'date': '2026-05-08', 'executed_slots': ['12:00']}
2026-05-08 17:00:03,807 [INFO] ⏰ 到達指定排程時間 17:00！開始執行自動化檢測...
2026-05-08 17:00:03,810 [INFO] 🕒 [Scheduler] 開始執行例行自動化 E2E 監測...
2026-05-08 17:03:18,877 [INFO] ✅ [Scheduler] 定時 E2E 監測完成！已自動儲存最新數據與截圖。
2026-05-08 17:03:18,878 [INFO] 📧 [Scheduler] 正在產生 Dashboard 截圖並寄送 Email 報告...
2026-05-08 17:03:29,440 [INFO] ✅ [Scheduler] Email 報告寄送完成！
2026-05-08 17:03:29,442 [INFO] 💾 [Scheduler] 已更新排程執行狀態: {'date': '2026-05-08', 'executed_slots': ['12:00', '17:00']}
2026-05-09 11:00:57,559 [INFO] 🕒 定時監測排程已升級為【每日固定時段檢測模式】！
2026-05-09 11:00:57,559 [INFO] 🎯 預定觸發時間: 09:00, 12:00, 17:00
2026-05-09 11:00:57,559 [INFO] ====================================================
2026-05-09 11:00:57,559 [INFO] 🖥️  ibon 影片監測控制台伺服器已啟動！
2026-05-09 11:00:57,559 [INFO] 👉 請在瀏覽器中開啟: http://localhost:8000
2026-05-09 11:00:57,559 [INFO] ====================================================
2026-05-09 11:00:57,560 [INFO] ⏰ [開機/喚醒偵測] 偵測到今日已過期但【尚未執行】的排程時段: ['09:00']
2026-05-09 11:00:57,560 [INFO] ⚡ [開機/喚醒偵測] 正在立即補跑測試並送出報告...
2026-05-09 11:00:57,560 [INFO] 🕒 [Scheduler] 開始執行例行自動化 E2E 監測...
2026-05-09 11:03:27,513 [INFO] ✅ [Scheduler] 定時 E2E 監測完成！已自動儲存最新數據與截圖。
2026-05-09 11:03:27,515 [INFO] 📧 [Scheduler] 正在產生 Dashboard 截圖並寄送 Email 報告...
2026-05-09 11:03:38,451 [INFO] ✅ [Scheduler] Email 報告寄送完成！
2026-05-09 11:03:38,453 [INFO] 💾 [Scheduler] 已更新排程執行狀態: {'date': '2026-05-09', 'executed_slots': ['09:00']}
2026-05-09 12:10:20,122 [INFO] ⏰ [開機/喚醒偵測] 偵測到今日已過期但【尚未執行】的排程時段: ['12:00']
2026-05-09 12:10:20,123 [INFO] ⚡ [開機/喚醒偵測] 正在立即補跑測試並送出報告...
2026-05-09 12:10:20,124 [INFO] 🕒 [Scheduler] 開始執行例行自動化 E2E 監測...
2026-05-09 12:10:48,061 [INFO] ✅ [Scheduler] 定時 E2E 監測完成！已自動儲存最新數據與截圖。
2026-05-09 12:10:48,061 [INFO] 📧 [Scheduler] 正在產生 Dashboard 截圖並寄送 Email 報告...
2026-05-09 12:12:09,366 [INFO] ✅ [Scheduler] Email 報告寄送完成！
2026-05-09 12:12:09,368 [INFO] 💾 [Scheduler] 已更新排程執行狀態: {'date': '2026-05-09', 'executed_slots': ['09:00', '12:00']}
2026-05-09 17:00:09,215 [INFO] ⏰ 到達指定排程時間 17:00！開始執行自動化檢測...
2026-05-09 17:00:09,216 [INFO] 🕒 [Scheduler] 開始執行例行自動化 E2E 監測...
2026-05-09 17:02:19,408 [INFO] ✅ [Scheduler] 定時 E2E 監測完成！已自動儲存最新數據與截圖。
2026-05-09 17:02:19,408 [INFO] 📧 [Scheduler] 正在產生 Dashboard 截圖並寄送 Email 報告...
2026-05-09 17:02:30,347 [INFO] ✅ [Scheduler] Email 報告寄送完成！
2026-05-09 17:02:30,349 [INFO] 💾 [Scheduler] 已更新排程執行狀態: {'date': '2026-05-09', 'executed_slots': ['09:00', '12:00', '17:00']}
2026-05-10 09:07:42,043 [INFO] ⏰ [開機/喚醒偵測] 偵測到今日已過期但【尚未執行】的排程時段: ['09:00']
2026-05-10 09:07:42,044 [INFO] ⚡ [開機/喚醒偵測] 正在立即補跑測試並送出報告...
2026-05-10 09:07:42,044 [INFO] 🕒 [Scheduler] 開始執行例行自動化 E2E 監測...
2026-05-10 09:20:04,216 [INFO] ✅ [Scheduler] 定時 E2E 監測完成！已自動儲存最新數據與截圖。
2026-05-10 09:20:04,216 [INFO] 📧 [Scheduler] 正在產生 Dashboard 截圖並寄送 Email 報告...
2026-05-10 09:20:20,012 [INFO] ✅ [Scheduler] Email 報告寄送完成！
2026-05-10 09:20:20,015 [INFO] 💾 [Scheduler] 已更新排程執行狀態: {'date': '2026-05-10', 'executed_slots': ['09:00']}
2026-05-10 12:11:13,369 [INFO] ⏰ [開機/喚醒偵測] 偵測到今日已過期但【尚未執行】的排程時段: ['12:00']
2026-05-10 12:11:13,371 [INFO] ⚡ [開機/喚醒偵測] 正在立即補跑測試並送出報告...
2026-05-10 12:11:13,372 [INFO] 🕒 [Scheduler] 開始執行例行自動化 E2E 監測...
2026-05-10 12:27:17,802 [INFO] ✅ [Scheduler] 定時 E2E 監測完成！已自動儲存最新數據與截圖。
2026-05-10 12:27:17,802 [INFO] 📧 [Scheduler] 正在產生 Dashboard 截圖並寄送 Email 報告...
2026-05-10 12:27:32,080 [INFO] ✅ [Scheduler] Email 報告寄送完成！
2026-05-10 12:27:32,084 [INFO] 💾 [Scheduler] 已更新排程執行狀態: {'date': '2026-05-10', 'executed_slots': ['09:00', '12:00']}
2026-05-10 17:10:52,020 [INFO] ⏰ [開機/喚醒偵測] 偵測到今日已過期但【尚未執行】的排程時段: ['17:00']
2026-05-10 17:10:52,023 [INFO] ⚡ [開機/喚醒偵測] 正在立即補跑測試並送出報告...
2026-05-10 17:10:52,024 [INFO] 🕒 [Scheduler] 開始執行例行自動化 E2E 監測...
2026-05-10 17:11:21,947 [INFO] ✅ [Scheduler] 定時 E2E 監測完成！已自動儲存最新數據與截圖。
2026-05-10 17:11:21,948 [INFO] 📧 [Scheduler] 正在產生 Dashboard 截圖並寄送 Email 報告...
2026-05-10 17:11:34,769 [INFO] ✅ [Scheduler] Email 報告寄送完成！
2026-05-10 17:11:34,771 [INFO] 💾 [Scheduler] 已更新排程執行狀態: {'date': '2026-05-10', 'executed_slots': ['09:00', '12:00', '17:00']}
2026-05-11 09:07:41,418 [INFO] ⏰ [開機/喚醒偵測] 偵測到今日已過期但【尚未執行】的排程時段: ['09:00']
2026-05-11 09:07:41,427 [INFO] ⚡ [開機/喚醒偵測] 正在立即補跑測試並送出報告...
2026-05-11 09:07:41,427 [INFO] 🕒 [Scheduler] 開始執行例行自動化 E2E 監測...
2026-05-11 09:08:13,789 [INFO] ✅ [Scheduler] 定時 E2E 監測完成！已自動儲存最新數據與截圖。
2026-05-11 09:08:13,791 [INFO] 📧 [Scheduler] 正在產生 Dashboard 截圖並寄送 Email 報告...
2026-05-11 09:08:18,710 [INFO] ✅ [Scheduler] Email 報告寄送完成！
2026-05-11 09:08:18,711 [INFO] 💾 [Scheduler] 已更新排程執行狀態: {'date': '2026-05-11', 'executed_slots': ['09:00']}
2026-05-11 12:00:04,867 [INFO] ⏰ 到達指定排程時間 12:00！開始執行自動化檢測...
2026-05-11 12:00:04,871 [INFO] 🕒 [Scheduler] 開始執行例行自動化 E2E 監測...
2026-05-11 12:01:05,794 [INFO] ✅ [Scheduler] 定時 E2E 監測完成！已自動儲存最新數據與截圖。
2026-05-11 12:01:05,794 [INFO] 📧 [Scheduler] 正在產生 Dashboard 截圖並寄送 Email 報告...
2026-05-11 12:01:15,535 [INFO] ✅ [Scheduler] Email 報告寄送完成！
2026-05-11 12:01:15,536 [INFO] 💾 [Scheduler] 已更新排程執行狀態: {'date': '2026-05-11', 'executed_slots': ['09:00', '12:00']}
2026-05-11 17:22:47,895 [INFO] ⏰ [開機/喚醒偵測] 偵測到今日已過期但【尚未執行】的排程時段: ['17:00']
2026-05-11 17:22:47,896 [INFO] ⚡ [開機/喚醒偵測] 正在立即補跑測試並送出報告...
2026-05-11 17:22:47,896 [INFO] 🕒 [Scheduler] 開始執行例行自動化 E2E 監測...
2026-05-11 17:37:35,137 [INFO] ✅ [Scheduler] 定時 E2E 監測完成！已自動儲存最新數據與截圖。
2026-05-11 17:37:35,137 [INFO] 📧 [Scheduler] 正在產生 Dashboard 截圖並寄送 Email 報告...
2026-05-11 17:37:39,607 [INFO] ✅ [Scheduler] Email 報告寄送完成！
2026-05-11 17:37:39,610 [INFO] 💾 [Scheduler] 已更新排程執行狀態: {'date': '2026-05-11', 'executed_slots': ['09:00', '12:00', '17:00']}
2026-05-12 09:00:09,859 [INFO] ⏰ 到達指定排程時間 09:00！開始執行自動化檢測...
2026-05-12 09:00:09,863 [INFO] 🕒 [Scheduler] 開始執行例行自動化 E2E 監測...
2026-05-12 09:01:44,532 [INFO] ✅ [Scheduler] 定時 E2E 監測完成！已自動儲存最新數據與截圖。
2026-05-12 09:01:44,533 [INFO] 📧 [Scheduler] 正在產生 Dashboard 截圖並寄送 Email 報告...
2026-05-12 09:01:55,242 [INFO] ✅ [Scheduler] Email 報告寄送完成！
2026-05-12 09:01:55,244 [INFO] 💾 [Scheduler] 已更新排程執行狀態: {'date': '2026-05-12', 'executed_slots': ['09:00']}
2026-05-12 12:00:03,137 [INFO] ⏰ 到達指定排程時間 12:00！開始執行自動化檢測...
2026-05-12 12:00:03,140 [INFO] 🕒 [Scheduler] 開始執行例行自動化 E2E 監測...
2026-05-12 12:01:35,525 [INFO] ✅ [Scheduler] 定時 E2E 監測完成！已自動儲存最新數據與截圖。
2026-05-12 12:01:35,526 [INFO] 📧 [Scheduler] 正在產生 Dashboard 截圖並寄送 Email 報告...
2026-05-12 12:01:46,240 [INFO] ✅ [Scheduler] Email 報告寄送完成！
2026-05-12 12:01:46,242 [INFO] 💾 [Scheduler] 已更新排程執行狀態: {'date': '2026-05-12', 'executed_slots': ['09:00', '12:00']}
